
> server@1.0.0 start
> node dist/src/server.js

[dotenv@17.2.3] injecting env (0) from .env -- tip: ⚙️  write to custom object with { processEnv: myObject }
[dotenv@17.2.3] injecting env (0) from .env -- tip: ⚙️  specify custom .env file path with { path: '/custom/path/.env' }
Server running on port 3001
Error creating macroscopic record: PrismaClientInitializationError: 
Invalid `client_1.default.macroscopyRecord.create()` invocation in
/Users/fernandojorge/Desktop/apps/alchemypet-system/server/dist/src/controllers/macroscopyController.js:59:64

  56         }
  57     }))
  58 } : undefined;
→ 59 const record = yield client_1.default.macroscopyRecord.create(
Can't reach database server at `localhost:5433`

Please make sure your database server is running at `localhost:5433`.
    at $n.handleRequestError (/Users/fernandojorge/Desktop/apps/alchemypet-system/server/node_modules/@prisma/client/runtime/library.js:121:7615)
    at $n.handleAndLogRequestError (/Users/fernandojorge/Desktop/apps/alchemypet-system/server/node_modules/@prisma/client/runtime/library.js:121:6623)
    at $n.request (/Users/fernandojorge/Desktop/apps/alchemypet-system/server/node_modules/@prisma/client/runtime/library.js:121:6307)
    at async l (/Users/fernandojorge/Desktop/apps/alchemypet-system/server/node_modules/@prisma/client/runtime/library.js:130:9633) {
  clientVersion: '5.22.0',
  errorCode: undefined
}
